.next/dev/types/validator.ts(162,31): error TS2344: Type 'typeof import("C:/AntiGravity/proyectos/ZasFood/zasfood-app/src/app/api/orders/[id]/status/route")' does not satisfy the constraint 'RouteHandlerConfig<"/api/orders/[id]/status">'.
  Types of property 'PATCH' are incompatible.
    Type '(request: NextRequest, { params }: { params: { id: string; }; }) => Promise<NextResponse<{ error: string; }> | NextResponse<{ order: { id: string; createdAt: Date; updatedAt: Date; ... 14 more ...; customerPhone: string | null; }; }>>' is not assignable to type '(request: NextRequest, context: { params: Promise<{ id: string; }>; }) => void | Response | Promise<void | Response>'.
      Types of parameters '__1' and 'context' are incompatible.
        Type '{ params: Promise<{ id: string; }>; }' is not assignable to type '{ params: { id: string; }; }'.
          Types of property 'params' are incompatible.
            Property 'id' is missing in type 'Promise<{ id: string; }>' but required in type '{ id: string; }'.
src/modules/menu/service.ts(8,25): error TS2307: Cannot find module '@prisma/client/runtime/library' or its corresponding type declarations.
src/modules/orders/service.ts(8,25): error TS2307: Cannot find module '@prisma/client/runtime/library' or its corresponding type declarations.
src/modules/payments/service.ts(12,25): error TS2307: Cannot find module '@prisma/client/runtime/library' or its corresponding type declarations.
